C51 COMPILER V9.54   MAIN                                                                  05/15/2022 15:26:27 PAGE 1   


C51 COMPILER V9.54, COMPILATION OF MODULE MAIN
OBJECT MODULE PLACED IN .\Objects\main.obj
COMPILER INVOKED BY: E:\51\keil\C51\BIN\C51.EXE main.c OPTIMIZE(8,SPEED) BROWSE DEBUG OBJECTEXTEND PRINT(.\Listings\main
                    -.lst) TABS(2) OBJECT(.\Objects\main.obj)

line level    source

   1          #include <REGX52.H>
   2          #include "Delay.h"
   3          #include "Key.h"
   4          #include "MatrixKey.h"
   5          #include "Nixie.h"
   6          #include "Timer.h"
   7          #include "AT24C02.h"
*** WARNING C315 IN LINE 8 OF AT24C02.h: unknown #directive 'end'
   8          unsigned char i;   //数码管显示
   9          unsigned char WriteNum,index;   //保存用
  10          unsigned char keyNum;  
  11          unsigned char RunFlag;      //暂停
  12          unsigned char Min,Sec,Msel;   //时间 
  13          void ShowTime();   //显示时间
  14          void UpdateTime();    //更新时间
  15          void main()
  16          {
  17   1        Timer0_Init();
  18   1        while(1)
  19   1        {
  20   2          keyNum=Key();
  21   2          if(keyNum)  //如果有按键按下
  22   2          {
  23   3            if(keyNum==1){  RunFlag=!RunFlag; }   //1暂停
  24   3            if(keyNum==2){  Min=0;Sec=0;Msel=0;RunFlag=0;}   //2归零
  25   3            if(keyNum==3 && RunFlag==0)   //3保存
  26   3            { 
  27   4              AT24C02_WriteByte(3,Min);
  28   4              Delay(5);
  29   4              AT24C02_WriteByte(4,Sec);
  30   4              Delay(5);
  31   4              AT24C02_WriteByte(5,Msel);
  32   4              Delay(5);
  33   4            }
  34   3            } 
  35   2            if(keyNum==4 && RunFlag==0)   //4读出
  36   2            { 
  37   3              Min=AT24C02_ReadByte(3);
  38   3              Sec=AT24C02_ReadByte(4);
  39   3              Msel=AT24C02_ReadByte(5);
  40   3            }  
  41   2          ShowTime();   //显示时间
  42   2        }
  43   1      }
  44          //时间计时用
  45          void Timer0_Routine() interrupt 1  //INT0->T0->INT1->T1->UART
  46          {
  47   1        static unsigned int count1=0,count2=0,count3=0;
  48   1        TH0=(65535-921)/256;
  49   1        TL0=(65535-921)/256;
  50   1        
  51   1        if(count1++==10)  //扫描按键
  52   1        {
  53   2          count1=0;
C51 COMPILER V9.54   MAIN                                                                  05/15/2022 15:26:27 PAGE 2   

  54   2          KeyTime();
  55   2        }
  56   1        if(count2++==2)    //扫描数码管
  57   1        {
  58   2          count2=0;
  59   2          Nixie_Time();  
  60   2          //默认扫描显示空，通过更改显示来显示数字
  61   2        }
  62   1        if(count3++>=10)
  63   1        {
  64   2          count3=0;
  65   2          UpdateTime();
  66   2        }
  67   1        
  68   1      }
  69          
  70          void ShowTime()   //显示时间
  71          {
  72   1          //更改扫描显示
  73   1          Nixie_SetScan(1,Min/10);
  74   1          Nixie_SetScan(2,Min%10);
  75   1          Nixie_SetScan(3,12);
  76   1          Nixie_SetScan(4,Sec/10);
  77   1          Nixie_SetScan(5,Sec%10);
  78   1          Nixie_SetScan(6,12);
  79   1          Nixie_SetScan(7,Msel/10);
  80   1          Nixie_SetScan(8,Msel%10);
  81   1      } 
  82          
  83          void UpdateTime()    //更新时间
  84          {
  85   1        if(RunFlag)   
  86   1        {
  87   2          Msel++;
  88   2          if(Msel>=100)
  89   2          {
  90   3            Msel=0;
  91   3            Sec++;
  92   3            if(Sec>=60)
  93   3            {
  94   4              Sec=0;
  95   4              Min++;
  96   4              if(Min>=60)
  97   4              {
  98   5                Min=0;
  99   5              }
 100   4            }
 101   3          }
 102   2        }//RunFlag
 103   1      }
 104          //void save_time()    //保存时间和显示时间函数
 105          //{
 106          //    if(t1==2)  //按2保存当前记录
 107          //    {
 108          //      i=3;
 109          //      do
 110          //      {
 111          //        i--;
 112          //        mArr[i+1]=mArr[i];
 113          //        sArr[i+1]=sArr[i];
 114          //        msArr[i+1]=msArr[i];
 115          //      }while(i);
C51 COMPILER V9.54   MAIN                                                                  05/15/2022 15:26:27 PAGE 3   

 116          //      i=0;
 117          //      mArr[0]=m;
 118          //      sArr[0]=s;
 119          //      msArr[0]=ms;
 120          //    }
 121          //    if(t1==3 && stop==0)   //暂停后按3显示最近4条记录
 122          //    {
 123          //      while(t1!=4)
 124          //      {
 125          //         t1=Key(); //在循环中获取信号
 126          //         mtest=MatrixKey();
 127          //         if(mtest>=1 && mtest<=4)
 128          //           i=mtest-1;
 129          //         Nixie(8,i);
 130          //         Nixie(index+2,10);  //小数点
 131          //         Nixie(index+0,10);
 132          //         
 133          //         Nixie(index+3,msArr[i]);
 134          //         Nixie(index+2,sArr[i]%10);
 135          //         Nixie(index+1,sArr[i]/10);
 136          //         Nixie(index+0,mArr[i]%10);
 137          //         Nixie(index-1,mArr[i]/10);
 138          //      }
 139          //    }
 140          //}
 141          
*** WARNING C316 IN LINE 141 OF main.c: unterminated conditionals


MODULE INFORMATION:   STATIC OVERLAYABLE
   CODE SIZE        =    421    ----
   CONSTANT SIZE    =   ----    ----
   XDATA SIZE       =   ----    ----
   PDATA SIZE       =   ----    ----
   DATA SIZE        =     14    ----
   IDATA SIZE       =   ----    ----
   BIT SIZE         =   ----    ----
END OF MODULE INFORMATION.


C51 COMPILATION COMPLETE.  2 WARNING(S),  0 ERROR(S)
